[0m19:11:19.724851 [debug] [MainThread]: Sending event: {'category': 'dbt', 'action': 'invocation', 'label': 'start', 'context': [<snowplow_tracker.self_describing_json.SelfDescribingJson object at 0x0000029978D14FB0>, <snowplow_tracker.self_describing_json.SelfDescribingJson object at 0x000002997867B380>, <snowplow_tracker.self_describing_json.SelfDescribingJson object at 0x000002997867BBC0>]}


============================== 19:11:19.728924 | 9cf75371-dd4d-44a5-bfb6-bdadbba60df6 ==============================
[0m19:11:19.728924 [info ] [MainThread]: Running with dbt=1.11.11
[0m19:11:19.729922 [debug] [MainThread]: running dbt with arguments {'version_check': 'True', 'no_print': 'None', 'static_parser': 'True', 'warn_error_options': 'WarnErrorOptionsV2(error=[], warn=[], silence=[])', 'target_path': 'None', 'printer_width': '80', 'write_json': 'True', 'introspect': 'True', 'log_cache_events': 'False', 'empty': 'None', 'cache_selected_only': 'False', 'fail_fast': 'False', 'debug': 'False', 'log_format': 'default', 'partial_parse': 'True', 'send_anonymous_usage_stats': 'True', 'quiet': 'False', 'warn_error': 'None', 'profiles_dir': 'C:\\Users\\RIYA\\.dbt', 'use_colors': 'True', 'indirect_selection': 'eager', 'invocation_command': 'dbt init caresignal', 'use_experimental_parser': 'False', 'log_path': 'logs'}
[0m19:11:19.742742 [debug] [MainThread]: Starter project path: C:\Users\RIYA\caresignal-ai\.venv\Lib\site-packages\dbt\include\starter_project
[0m19:11:19.751344 [info ] [MainThread]: 
Your new dbt project "caresignal" was created!

For more information on how to configure the profiles.yml file,
please consult the dbt documentation here:

  https://docs.getdbt.com/docs/configure-your-profile

One more thing:

Need help? Don't hesitate to reach out to us via GitHub issues or on Slack:

  https://community.getdbt.com/

Happy modeling!

[0m19:11:19.752339 [info ] [MainThread]: Setting up your profile.
[0m19:12:40.874309 [info ] [MainThread]: Profile caresignal written to C:\Users\RIYA\.dbt\profiles.yml using target's profile_template.yml and your supplied values. Run 'dbt debug' to validate the connection.
[0m19:12:40.875404 [debug] [MainThread]: Command `python -m dbt.cli.main init` succeeded at 19:12:40.875404 after 81.29 seconds
[0m19:12:40.876408 [debug] [MainThread]: Sending event: {'category': 'dbt', 'action': 'invocation', 'label': 'end', 'context': [<snowplow_tracker.self_describing_json.SelfDescribingJson object at 0x0000029978803C80>, <snowplow_tracker.self_describing_json.SelfDescribingJson object at 0x000002990C860170>, <snowplow_tracker.self_describing_json.SelfDescribingJson object at 0x000002990A918500>]}
[0m19:12:40.876408 [debug] [MainThread]: Flushing usage events
[0m19:12:41.322600 [debug] [MainThread]: An error was encountered while trying to flush usage events
[0m19:13:08.644119 [debug] [MainThread]: Sending event: {'category': 'dbt', 'action': 'invocation', 'label': 'start', 'context': [<snowplow_tracker.self_describing_json.SelfDescribingJson object at 0x0000019BFF986FF0>, <snowplow_tracker.self_describing_json.SelfDescribingJson object at 0x0000019BFDDABF80>, <snowplow_tracker.self_describing_json.SelfDescribingJson object at 0x0000019BFFDCA060>]}


============================== 19:13:08.650172 | f34b1670-cde7-469e-ab68-9b7caceff6cc ==============================
[0m19:13:08.650172 [info ] [MainThread]: Running with dbt=1.11.11
[0m19:13:08.651554 [debug] [MainThread]: running dbt with arguments {'static_parser': 'True', 'no_print': 'None', 'version_check': 'True', 'warn_error_options': 'WarnErrorOptionsV2(error=[], warn=[], silence=[])', 'target_path': 'None', 'printer_width': '80', 'write_json': 'True', 'empty': 'None', 'log_cache_events': 'False', 'introspect': 'True', 'cache_selected_only': 'False', 'fail_fast': 'False', 'debug': 'False', 'log_format': 'default', 'partial_parse': 'True', 'send_anonymous_usage_stats': 'True', 'quiet': 'False', 'warn_error': 'None', 'profiles_dir': 'C:\\Users\\RIYA\\.dbt', 'invocation_command': 'dbt debug', 'use_colors': 'True', 'indirect_selection': 'eager', 'use_experimental_parser': 'False', 'log_path': 'logs'}
[0m19:13:08.664954 [info ] [MainThread]: dbt version: 1.11.11
[0m19:13:08.666053 [info ] [MainThread]: python version: 3.12.6
[0m19:13:08.666053 [info ] [MainThread]: python path: C:\Users\RIYA\caresignal-ai\.venv\Scripts\python.exe
[0m19:13:08.667014 [info ] [MainThread]: os info: Windows-11-10.0.26200-SP0
[0m19:13:09.365308 [info ] [MainThread]: Error importing adapter: No module named 'dbt.adapters.snowflake'
[0m19:13:09.366259 [info ] [MainThread]: Using profiles dir at C:\Users\RIYA\.dbt
[0m19:13:09.367221 [info ] [MainThread]: Using profiles.yml file at C:\Users\RIYA\.dbt\profiles.yml
[0m19:13:09.367221 [info ] [MainThread]: Using dbt_project.yml file at C:\Users\RIYA\caresignal-ai\dbt_project.yml
[0m19:13:09.368273 [info ] [MainThread]: Configuration:
[0m19:13:09.368549 [info ] [MainThread]:   profiles.yml file [[31mERROR invalid[0m]
[0m19:13:09.368549 [info ] [MainThread]:   dbt_project.yml file [[31mERROR not found[0m]
[0m19:13:09.369556 [info ] [MainThread]: Required dependencies:
[0m19:13:09.369556 [debug] [MainThread]: Executing "git --help"
[0m19:13:09.446172 [debug] [MainThread]: STDOUT: "b"usage: git [-v | --version] [-h | --help] [-C <path>] [-c <name>=<value>]\n           [--exec-path[=<path>]] [--html-path] [--man-path] [--info-path]\n           [-p | --paginate | -P | --no-pager] [--no-replace-objects] [--no-lazy-fetch]\n           [--no-optional-locks] [--no-advice] [--bare] [--git-dir=<path>]\n           [--work-tree=<path>] [--namespace=<name>] [--config-env=<name>=<envvar>]\n           <command> [<args>]\n\nThese are common Git commands used in various situations:\n\nstart a working area (see also: git help tutorial)\n   clone     Clone a repository into a new directory\n   init      Create an empty Git repository or reinitialize an existing one\n\nwork on the current change (see also: git help everyday)\n   add       Add file contents to the index\n   mv        Move or rename a file, a directory, or a symlink\n   restore   Restore working tree files\n   rm        Remove files from the working tree and from the index\n\nexamine the history and state (see also: git help revisions)\n   bisect    Use binary search to find the commit that introduced a bug\n   diff      Show changes between commits, commit and working tree, etc\n   grep      Print lines matching a pattern\n   log       Show commit logs\n   show      Show various types of objects\n   status    Show the working tree status\n\ngrow, mark and tweak your common history\n   branch    List, create, or delete branches\n   commit    Record changes to the repository\n   merge     Join two or more development histories together\n   rebase    Reapply commits on top of another base tip\n   reset     Reset current HEAD to the specified state\n   switch    Switch branches\n   tag       Create, list, delete or verify a tag object signed with GPG\n\ncollaborate (see also: git help workflows)\n   fetch     Download objects and refs from another repository\n   pull      Fetch from and integrate with another repository or a local branch\n   push      Update remote refs along with associated objects\n\n'git help -a' and 'git help -g' list available subcommands and some\nconcept guides. See 'git help <command>' or 'git help <concept>'\nto read about a specific subcommand or concept.\nSee 'git help git' for an overview of the system.\n""
[0m19:13:09.447175 [debug] [MainThread]: STDERR: "b''"
[0m19:13:09.447175 [info ] [MainThread]:  - git [[32mOK found[0m]

[0m19:13:09.448276 [info ] [MainThread]: Connection test skipped since no profile was found
[0m19:13:09.448276 [info ] [MainThread]: [31m2 checks failed:[0m
[0m19:13:09.448276 [info ] [MainThread]: Could not load dbt_project.yml
Profile loading failed for the following reason:
Runtime Error
  Credentials in profile "joblens", target "dev" invalid: Runtime Error
    Could not find adapter type snowflake!


[0m19:13:09.449179 [info ] [MainThread]: Project loading failed for the following reason:
 project path <C:\Users\RIYA\caresignal-ai\dbt_project.yml> not found

[0m19:13:09.450268 [debug] [MainThread]: Command `python -m dbt.cli.main debug` failed at 19:13:09.450268 after 0.94 seconds
[0m19:13:09.450783 [debug] [MainThread]: Sending event: {'category': 'dbt', 'action': 'invocation', 'label': 'end', 'context': [<snowplow_tracker.self_describing_json.SelfDescribingJson object at 0x0000019B81A12090>, <snowplow_tracker.self_describing_json.SelfDescribingJson object at 0x0000019B93639DF0>, <snowplow_tracker.self_describing_json.SelfDescribingJson object at 0x0000019B942102C0>]}
[0m19:13:09.450783 [debug] [MainThread]: Flushing usage events
[0m19:13:09.912748 [debug] [MainThread]: An error was encountered while trying to flush usage events
[0m19:21:00.461640 [debug] [MainThread]: Sending event: {'category': 'dbt', 'action': 'invocation', 'label': 'start', 'context': [<snowplow_tracker.self_describing_json.SelfDescribingJson object at 0x0000016AE36EE030>, <snowplow_tracker.self_describing_json.SelfDescribingJson object at 0x0000016AE30696D0>, <snowplow_tracker.self_describing_json.SelfDescribingJson object at 0x0000016AE306BA70>]}


============================== 19:21:00.464589 | 887a7745-ef7f-4687-a81f-8ca87acf29a7 ==============================
[0m19:21:00.464589 [info ] [MainThread]: Running with dbt=1.11.11
[0m19:21:00.464589 [debug] [MainThread]: running dbt with arguments {'static_parser': 'True', 'no_print': 'None', 'version_check': 'True', 'target_path': 'None', 'warn_error_options': 'WarnErrorOptionsV2(error=[], warn=[], silence=[])', 'printer_width': '80', 'write_json': 'True', 'empty': 'None', 'log_cache_events': 'False', 'introspect': 'True', 'cache_selected_only': 'False', 'log_format': 'default', 'debug': 'False', 'fail_fast': 'False', 'profiles_dir': 'C:\\Users\\RIYA\\.dbt', 'send_anonymous_usage_stats': 'True', 'quiet': 'False', 'warn_error': 'None', 'partial_parse': 'True', 'indirect_selection': 'eager', 'use_colors': 'True', 'invocation_command': 'dbt debug', 'use_experimental_parser': 'False', 'log_path': 'C:\\Users\\RIYA\\caresignal-ai\\logs'}
[0m19:21:00.474371 [info ] [MainThread]: dbt version: 1.11.11
[0m19:21:00.475354 [info ] [MainThread]: python version: 3.12.6
[0m19:21:00.475354 [info ] [MainThread]: python path: C:\Users\RIYA\caresignal-ai\.venv\Scripts\python.exe
[0m19:21:00.476333 [info ] [MainThread]: os info: Windows-11-10.0.26200-SP0
[0m19:21:01.118438 [info ] [MainThread]: Using profiles dir at C:\Users\RIYA\.dbt
[0m19:21:01.119022 [info ] [MainThread]: Using profiles.yml file at C:\Users\RIYA\.dbt\profiles.yml
[0m19:21:01.119022 [info ] [MainThread]: Using dbt_project.yml file at C:\Users\RIYA\caresignal-ai\dbt_project.yml
[0m19:21:01.119022 [info ] [MainThread]: adapter type: bigquery
[0m19:21:01.120030 [info ] [MainThread]: adapter version: 1.11.1
[0m19:21:01.210388 [info ] [MainThread]: Configuration:
[0m19:21:01.210388 [info ] [MainThread]:   profiles.yml file [[32mOK found and valid[0m]
[0m19:21:01.211861 [info ] [MainThread]:   dbt_project.yml file [[32mOK found and valid[0m]
[0m19:21:01.211861 [info ] [MainThread]: Required dependencies:
[0m19:21:01.212868 [debug] [MainThread]: Executing "git --help"
[0m19:21:01.279157 [debug] [MainThread]: STDOUT: "b"usage: git [-v | --version] [-h | --help] [-C <path>] [-c <name>=<value>]\n           [--exec-path[=<path>]] [--html-path] [--man-path] [--info-path]\n           [-p | --paginate | -P | --no-pager] [--no-replace-objects] [--no-lazy-fetch]\n           [--no-optional-locks] [--no-advice] [--bare] [--git-dir=<path>]\n           [--work-tree=<path>] [--namespace=<name>] [--config-env=<name>=<envvar>]\n           <command> [<args>]\n\nThese are common Git commands used in various situations:\n\nstart a working area (see also: git help tutorial)\n   clone     Clone a repository into a new directory\n   init      Create an empty Git repository or reinitialize an existing one\n\nwork on the current change (see also: git help everyday)\n   add       Add file contents to the index\n   mv        Move or rename a file, a directory, or a symlink\n   restore   Restore working tree files\n   rm        Remove files from the working tree and from the index\n\nexamine the history and state (see also: git help revisions)\n   bisect    Use binary search to find the commit that introduced a bug\n   diff      Show changes between commits, commit and working tree, etc\n   grep      Print lines matching a pattern\n   log       Show commit logs\n   show      Show various types of objects\n   status    Show the working tree status\n\ngrow, mark and tweak your common history\n   branch    List, create, or delete branches\n   commit    Record changes to the repository\n   merge     Join two or more development histories together\n   rebase    Reapply commits on top of another base tip\n   reset     Reset current HEAD to the specified state\n   switch    Switch branches\n   tag       Create, list, delete or verify a tag object signed with GPG\n\ncollaborate (see also: git help workflows)\n   fetch     Download objects and refs from another repository\n   pull      Fetch from and integrate with another repository or a local branch\n   push      Update remote refs along with associated objects\n\n'git help -a' and 'git help -g' list available subcommands and some\nconcept guides. See 'git help <command>' or 'git help <concept>'\nto read about a specific subcommand or concept.\nSee 'git help git' for an overview of the system.\n""
[0m19:21:01.280157 [debug] [MainThread]: STDERR: "b''"
[0m19:21:01.280787 [info ] [MainThread]:  - git [[32mOK found[0m]

[0m19:21:01.280787 [info ] [MainThread]: Connection:
[0m19:21:01.281788 [info ] [MainThread]:   method: service-account
[0m19:21:01.281788 [info ] [MainThread]:   database: caresignal-ai
[0m19:21:01.281788 [info ] [MainThread]:   execution_project: caresignal-ai
[0m19:21:01.281788 [info ] [MainThread]:   schema: caresignal_dev
[0m19:21:01.282851 [info ] [MainThread]:   location: US
[0m19:21:01.282851 [info ] [MainThread]:   priority: None
[0m19:21:01.282851 [info ] [MainThread]:   maximum_bytes_billed: None
[0m19:21:01.283791 [info ] [MainThread]:   impersonate_service_account: None
[0m19:21:01.283791 [info ] [MainThread]:   job_retry_deadline_seconds: None
[0m19:21:01.283791 [info ] [MainThread]:   job_retries: 1
[0m19:21:01.284797 [info ] [MainThread]:   job_creation_timeout_seconds: None
[0m19:21:01.284797 [info ] [MainThread]:   job_execution_timeout_seconds: 300
[0m19:21:01.284797 [info ] [MainThread]:   timeout_seconds: 300
[0m19:21:01.284797 [info ] [MainThread]:   client_id: None
[0m19:21:01.285797 [info ] [MainThread]:   token_uri: None
[0m19:21:01.285797 [info ] [MainThread]:   compute_region: None
[0m19:21:01.285797 [info ] [MainThread]:   dataproc_cluster_name: None
[0m19:21:01.285797 [info ] [MainThread]:   gcs_bucket: None
[0m19:21:01.286796 [info ] [MainThread]:   dataproc_batch: None
[0m19:21:01.286796 [info ] [MainThread]: Registered adapter: bigquery=1.11.1
[0m19:21:01.616548 [debug] [MainThread]: Acquiring new bigquery connection 'debug'
[0m19:21:01.617546 [debug] [MainThread]: On debug: select 1 as id
[0m19:21:01.617546 [debug] [MainThread]: Opening a new connection, currently in state init
[0m19:21:03.191744 [debug] [MainThread]: BigQuery adapter: https://console.cloud.google.com/bigquery?project=caresignal-ai&j=bq:US:c18ea0c7-0b3c-4785-89f5-4d45a335e773&page=queryresults
[0m19:21:03.406345 [debug] [MainThread]: SQL status: OK in 0.214 seconds
[0m19:21:03.708225 [info ] [MainThread]:   Connection test: [[32mOK connection ok[0m]

[0m19:21:03.709221 [info ] [MainThread]: [32mAll checks passed![0m
[0m19:21:03.710221 [debug] [MainThread]: Command `python -m dbt.cli.main debug` succeeded at 19:21:03.709221 after 3.39 seconds
[0m19:21:03.710221 [debug] [MainThread]: Connection 'debug' was properly closed.
[0m19:21:03.710738 [debug] [MainThread]: Sending event: {'category': 'dbt', 'action': 'invocation', 'label': 'end', 'context': [<snowplow_tracker.self_describing_json.SelfDescribingJson object at 0x0000016AE35D88F0>, <snowplow_tracker.self_describing_json.SelfDescribingJson object at 0x0000016AF6211FA0>, <snowplow_tracker.self_describing_json.SelfDescribingJson object at 0x0000016AF61157F0>]}
[0m19:21:03.710738 [debug] [MainThread]: Flushing usage events
[0m19:21:04.138398 [debug] [MainThread]: An error was encountered while trying to flush usage events
[0m19:17:58.997146 [debug] [MainThread]: Sending event: {'category': 'dbt', 'action': 'invocation', 'label': 'start', 'context': [<snowplow_tracker.self_describing_json.SelfDescribingJson object at 0x0000023F99CD9550>, <snowplow_tracker.self_describing_json.SelfDescribingJson object at 0x0000023F9D3BF230>, <snowplow_tracker.self_describing_json.SelfDescribingJson object at 0x0000023F9C809BE0>]}


============================== 19:17:59.004165 | d076d1ec-1680-41bc-8f32-19411edd0c7d ==============================
[0m19:17:59.004165 [info ] [MainThread]: Running with dbt=1.11.11
[0m19:17:59.005147 [debug] [MainThread]: running dbt with arguments {'static_parser': 'True', 'no_print': 'None', 'version_check': 'True', 'warn_error_options': 'WarnErrorOptionsV2(error=[], warn=[], silence=[])', 'target_path': 'None', 'printer_width': '80', 'write_json': 'True', 'empty': 'False', 'log_cache_events': 'False', 'introspect': 'True', 'cache_selected_only': 'False', 'fail_fast': 'False', 'debug': 'False', 'log_format': 'default', 'profiles_dir': 'C:\\Users\\RIYA\\.dbt', 'send_anonymous_usage_stats': 'True', 'quiet': 'False', 'warn_error': 'None', 'partial_parse': 'True', 'indirect_selection': 'eager', 'invocation_command': 'dbt run --models staging', 'use_colors': 'True', 'use_experimental_parser': 'False', 'log_path': 'C:\\Users\\RIYA\\caresignal-ai\\logs'}
[0m19:17:59.006145 [warn ] [MainThread]: [[33mWARNING[0m]: Deprecated functionality
Usage of `--models`, `--model`, and `-m` is deprecated in favor of `--select` or
`-s`.
[0m19:17:59.006145 [debug] [MainThread]: Sending event: {'category': 'dbt', 'action': 'deprecation', 'label': 'd076d1ec-1680-41bc-8f32-19411edd0c7d', 'property_': 'warn', 'context': [<snowplow_tracker.self_describing_json.SelfDescribingJson object at 0x0000023F9D14DA60>]}
[0m19:18:00.723578 [debug] [MainThread]: Sending event: {'category': 'dbt', 'action': 'project_id', 'label': 'd076d1ec-1680-41bc-8f32-19411edd0c7d', 'context': [<snowplow_tracker.self_describing_json.SelfDescribingJson object at 0x0000023FADFA02F0>]}
[0m19:18:00.852793 [debug] [MainThread]: Sending event: {'category': 'dbt', 'action': 'adapter_info', 'label': 'd076d1ec-1680-41bc-8f32-19411edd0c7d', 'context': [<snowplow_tracker.self_describing_json.SelfDescribingJson object at 0x0000023FAF8EE330>]}
[0m19:18:00.853793 [info ] [MainThread]: Registered adapter: bigquery=1.11.1
[0m19:18:01.208226 [debug] [MainThread]: checksum: 30a8cc8fdcbf66701b0944d4ccce3fa46dd04b61e5df68b9f16d57b2e0e3f0be, vars: {}, profile: , target: , version: 1.11.11
[0m19:18:01.209226 [info ] [MainThread]: Unable to do partial parsing because saved manifest not found. Starting full parse.
[0m19:18:01.210227 [debug] [MainThread]: Sending event: {'category': 'dbt', 'action': 'partial_parser', 'label': 'd076d1ec-1680-41bc-8f32-19411edd0c7d', 'context': [<snowplow_tracker.self_describing_json.SelfDescribingJson object at 0x0000023F9D8E5F40>]}
[0m19:18:01.938434 [warn ] [MainThread]: [[33mWARNING[0m]: Configuration paths exist in your dbt_project.yml file which do not apply to any resources.
There are 1 unused configuration paths:
- models.caresignal
[0m19:18:01.942402 [debug] [MainThread]: Sending event: {'category': 'dbt', 'action': 'load_project', 'label': 'd076d1ec-1680-41bc-8f32-19411edd0c7d', 'context': [<snowplow_tracker.self_describing_json.SelfDescribingJson object at 0x0000023FB0A2BDA0>]}
[0m19:18:01.978930 [debug] [MainThread]: Wrote artifact WritableManifest to C:\Users\RIYA\caresignal-ai\target\manifest.json
[0m19:18:01.981935 [debug] [MainThread]: Wrote artifact SemanticManifest to C:\Users\RIYA\caresignal-ai\target\semantic_manifest.json
[0m19:18:01.995391 [debug] [MainThread]: Sending event: {'category': 'dbt', 'action': 'resource_counts', 'label': 'd076d1ec-1680-41bc-8f32-19411edd0c7d', 'context': [<snowplow_tracker.self_describing_json.SelfDescribingJson object at 0x0000023FB0A40410>]}
[0m19:18:01.996390 [info ] [MainThread]: Found 549 macros
[0m19:18:01.996390 [debug] [MainThread]: Sending event: {'category': 'dbt', 'action': 'runnable_timing', 'label': 'd076d1ec-1680-41bc-8f32-19411edd0c7d', 'context': [<snowplow_tracker.self_describing_json.SelfDescribingJson object at 0x0000023FB09EA300>]}
[0m19:18:01.996390 [warn ] [MainThread]: The selection criterion 'staging' does not match any enabled nodes
[0m19:18:01.997391 [warn ] [MainThread]: Nothing to do. Try checking your model configs and model specification args
[0m19:18:01.998390 [debug] [MainThread]: Command end result
[0m19:18:02.020571 [debug] [MainThread]: Wrote artifact WritableManifest to C:\Users\RIYA\caresignal-ai\target\manifest.json
[0m19:18:02.022487 [debug] [MainThread]: Wrote artifact SemanticManifest to C:\Users\RIYA\caresignal-ai\target\semantic_manifest.json
[0m19:18:02.025573 [debug] [MainThread]: Wrote artifact RunExecutionResult to C:\Users\RIYA\caresignal-ai\target\run_results.json
[0m19:18:02.026551 [warn ] [MainThread]: [[33mWARNING[0m][DeprecationsSummary]: Deprecated functionality
Summary of encountered deprecations:
- ModelParamUsageDeprecation: 1 occurrence
To see all deprecation instances instead of just the first occurrence of each,
run command again with the `--show-all-deprecations` flag. You may also need to
run with `--no-partial-parse` as some deprecations are only encountered during
parsing.
[0m19:18:02.027490 [debug] [MainThread]: Command `python -m dbt.cli.main run` succeeded at 19:18:02.027490 after 3.15 seconds
[0m19:18:02.027490 [debug] [MainThread]: Sending event: {'category': 'dbt', 'action': 'invocation', 'label': 'end', 'context': [<snowplow_tracker.self_describing_json.SelfDescribingJson object at 0x0000023F9C809BE0>, <snowplow_tracker.self_describing_json.SelfDescribingJson object at 0x0000023F9EE61400>, <snowplow_tracker.self_describing_json.SelfDescribingJson object at 0x0000023FB04BB9E0>]}
[0m19:18:02.027490 [debug] [MainThread]: Flushing usage events
[0m19:18:02.590271 [debug] [MainThread]: An error was encountered while trying to flush usage events
[0m19:19:22.979234 [debug] [MainThread]: Sending event: {'category': 'dbt', 'action': 'invocation', 'label': 'start', 'context': [<snowplow_tracker.self_describing_json.SelfDescribingJson object at 0x0000024739A3C230>, <snowplow_tracker.self_describing_json.SelfDescribingJson object at 0x0000024739138320>, <snowplow_tracker.self_describing_json.SelfDescribingJson object at 0x000002473C895850>]}


============================== 19:19:22.981749 | 2b54cb0b-a796-459c-9ad8-12d325b2e289 ==============================
[0m19:19:22.981749 [info ] [MainThread]: Running with dbt=1.11.11
[0m19:19:22.982749 [debug] [MainThread]: running dbt with arguments {'static_parser': 'True', 'no_print': 'None', 'version_check': 'True', 'warn_error_options': 'WarnErrorOptionsV2(error=[], warn=[], silence=[])', 'target_path': 'None', 'printer_width': '80', 'write_json': 'True', 'empty': 'False', 'log_cache_events': 'False', 'introspect': 'True', 'cache_selected_only': 'False', 'log_format': 'default', 'debug': 'False', 'fail_fast': 'False', 'partial_parse': 'True', 'send_anonymous_usage_stats': 'True', 'quiet': 'False', 'warn_error': 'None', 'profiles_dir': 'C:\\Users\\RIYA\\.dbt', 'indirect_selection': 'eager', 'use_colors': 'True', 'invocation_command': 'dbt run --select staging', 'use_experimental_parser': 'False', 'log_path': 'C:\\Users\\RIYA\\caresignal-ai\\logs'}
[0m19:19:23.715770 [debug] [MainThread]: Sending event: {'category': 'dbt', 'action': 'project_id', 'label': '2b54cb0b-a796-459c-9ad8-12d325b2e289', 'context': [<snowplow_tracker.self_describing_json.SelfDescribingJson object at 0x0000024739B31400>]}
[0m19:19:23.836602 [debug] [MainThread]: Sending event: {'category': 'dbt', 'action': 'adapter_info', 'label': '2b54cb0b-a796-459c-9ad8-12d325b2e289', 'context': [<snowplow_tracker.self_describing_json.SelfDescribingJson object at 0x000002473BC8B2F0>]}
[0m19:19:23.837188 [info ] [MainThread]: Registered adapter: bigquery=1.11.1
[0m19:19:24.110330 [debug] [MainThread]: checksum: 30a8cc8fdcbf66701b0944d4ccce3fa46dd04b61e5df68b9f16d57b2e0e3f0be, vars: {}, profile: , target: , version: 1.11.11
[0m19:19:24.173063 [debug] [MainThread]: Partial parsing enabled: 0 files deleted, 0 files added, 0 files changed.
[0m19:19:24.174054 [debug] [MainThread]: Nothing changed, skipping partial parsing.
[0m19:19:24.174054 [debug] [MainThread]: Partial parsing enabled, no changes found, skipping parsing
[0m19:19:24.174956 [warn ] [MainThread]: [[33mWARNING[0m]: Configuration paths exist in your dbt_project.yml file which do not apply to any resources.
There are 1 unused configuration paths:
- models.caresignal
[0m19:19:24.178954 [debug] [MainThread]: Sending event: {'category': 'dbt', 'action': 'load_project', 'label': '2b54cb0b-a796-459c-9ad8-12d325b2e289', 'context': [<snowplow_tracker.self_describing_json.SelfDescribingJson object at 0x000002473E184EF0>]}
[0m19:19:24.218190 [debug] [MainThread]: Wrote artifact WritableManifest to C:\Users\RIYA\caresignal-ai\target\manifest.json
[0m19:19:24.220195 [debug] [MainThread]: Wrote artifact SemanticManifest to C:\Users\RIYA\caresignal-ai\target\semantic_manifest.json
[0m19:19:24.227308 [debug] [MainThread]: Sending event: {'category': 'dbt', 'action': 'resource_counts', 'label': '2b54cb0b-a796-459c-9ad8-12d325b2e289', 'context': [<snowplow_tracker.self_describing_json.SelfDescribingJson object at 0x000002474FCA8A10>]}
[0m19:19:24.227308 [info ] [MainThread]: Found 549 macros
[0m19:19:24.228324 [debug] [MainThread]: Sending event: {'category': 'dbt', 'action': 'runnable_timing', 'label': '2b54cb0b-a796-459c-9ad8-12d325b2e289', 'context': [<snowplow_tracker.self_describing_json.SelfDescribingJson object at 0x000002474F5D23C0>]}
[0m19:19:24.228324 [warn ] [MainThread]: The selection criterion 'staging' does not match any enabled nodes
[0m19:19:24.229212 [warn ] [MainThread]: Nothing to do. Try checking your model configs and model specification args
[0m19:19:24.231208 [debug] [MainThread]: Command end result
[0m19:19:24.251722 [debug] [MainThread]: Wrote artifact WritableManifest to C:\Users\RIYA\caresignal-ai\target\manifest.json
[0m19:19:24.253734 [debug] [MainThread]: Wrote artifact SemanticManifest to C:\Users\RIYA\caresignal-ai\target\semantic_manifest.json
[0m19:19:24.255717 [debug] [MainThread]: Wrote artifact RunExecutionResult to C:\Users\RIYA\caresignal-ai\target\run_results.json
[0m19:19:24.256742 [debug] [MainThread]: Command `python -m dbt.cli.main run` succeeded at 19:19:24.256742 after 1.40 seconds
[0m19:19:24.256742 [debug] [MainThread]: Sending event: {'category': 'dbt', 'action': 'invocation', 'label': 'end', 'context': [<snowplow_tracker.self_describing_json.SelfDescribingJson object at 0x000002473C46E990>, <snowplow_tracker.self_describing_json.SelfDescribingJson object at 0x000002473C46F620>, <snowplow_tracker.self_describing_json.SelfDescribingJson object at 0x000002473C7A9070>]}
[0m19:19:24.256742 [debug] [MainThread]: Flushing usage events
[0m19:19:24.689382 [debug] [MainThread]: An error was encountered while trying to flush usage events
